../Core/Src/main.c:82:6:EXTI0_IRQHandler	2
../Core/Src/main.c:94:6:EXTI1_IRQHandler	2
../Core/Src/main.c:106:6:EXTI9_5_IRQHandler	7
../Core/Src/main.c:129:5:main	4
../Core/Src/main.c:254:6:startAccelerometerTask	2
../Core/Src/main.c:279:6:startGyroscopeTask	3
../Core/Src/main.c:307:6:startMagnetometerTask	2
../Core/Src/main.c:360:6:startRCTask	15
../Core/Src/main.c:416:6:startPWMTask	2
../Core/Src/main.c:428:6:startControllerTask	12
../Core/Src/main.c:495:6:startHeartbeatTask	1
../Core/Src/main.c:507:6:SystemClock_Config	3
../Core/Src/main.c:550:13:MX_I2C1_Init	2
../Core/Src/main.c:584:13:MX_I2C3_Init	2
../Core/Src/main.c:618:13:MX_SPI1_Init	2
../Core/Src/main.c:656:13:MX_SPI2_Init	2
../Core/Src/main.c:694:13:MX_SPI3_Init	2
../Core/Src/main.c:732:13:MX_USART1_UART_Init	2
../Core/Src/main.c:765:13:MX_USART2_UART_Init	2
../Core/Src/main.c:798:13:MX_USART3_UART_Init	2
../Core/Src/main.c:831:13:MX_GPIO_Init	1
../Core/Src/main.c:912:6:HAL_TIM_PeriodElapsedCallback	2
../Core/Src/main.c:929:6:Error_Handler	1
